
<div class="captcha">
  <span class="captcha-explanation">Please additionally enter the shown digits:</span>
  <span class="captcha">37870</span>
  <input type="text" name="advancedform-captcha">
  <input type="hidden" name="advancedform-timestamp" value="1741617587">
  <input type="hidden" name="advancedform-salt" value="41424344">
  <input type="hidden" name="advancedform-hmac" value="956ea9311aa2d163e7774b6c8f221e30dcfdc2e556e1300a21d3e4954d3e16fc">
</div>
