<h1>Advancedform 2.4-dev</h1>
<h2>System check</h2><p class="xh_success">PHP version ≥ 7.1.0</p><p class="xh_success">Extension 'ctype' loaded</p><p class="xh_success">Extension 'filter' loaded</p><p class="xh_success">Extension 'hash' loaded</p><p class="xh_success">CMSimple_XH version ≥ 1.7.0</p><p class="xh_fail">Plugin 'Jquery' installed</p><p class="xh_warning">CAPTCHA installed</p><p class="xh_warning">CAPTCHA key configured</p><p class="xh_warning">Folder './advancedform/config/' writable</p><p class="xh_warning">Folder './advancedform/css/' writable</p><p class="xh_warning">Folder './advancedform/languages/' writable</p><p class="xh_success">Folder 'advancedform/data/' writable</p>