<!DOCTYPE html>
<head>
<style type="text/css">
div.advfrm-mailform td.label {
    vertical-align: top;
    padding-right: 1em;
    /* the following aligns the labels to the right */
    /*text-align: right;*/
}


</style>
</head>
<body>
<div class="advfrm-mailform">
<table>
<tr><td class="label">Name</td><td class="field">John Doe</td></tr>
<tr><td class="label">E-Mail</td><td class="field">john@example.com</td></tr>
<tr><td class="label">Phone</td><td class="field"></td></tr>
<tr><td class="label">Comment</td><td class="field">a comment</td></tr>
<tr><td class="label">Attachment</td><td class="field"></td></tr>
<tr><td class="label">Password</td><td class="field"></td></tr>
<tr><td class="label">Date</td><td class="field"></td></tr>
<tr><td class="label">Hidden</td><td class="field"></td></tr>
</table>
</div>
</body>
</html>
