<div class="advfrm-mailform">
<p>Thank you for filling out the form. The following information has been sent:</p>
<table>
<tr><td class="label">Name</td><td class="field">John Doe</td></tr>
<tr><td class="label">E-Mail</td><td class="field">john@example.com</td></tr>
<tr><td class="label">Phone</td><td class="field"></td></tr>
<tr><td class="label">Comment</td><td class="field">a comment</td></tr>
<tr><td class="label">Attachment</td><td class="field"></td></tr>
<tr><td class="label">Password</td><td class="field"></td></tr>
<tr><td class="label">Date</td><td class="field"></td></tr>
</table>
</div>
