<meta name="advancedform.config" content='{"syscheck_title":"System check","syscheck_phpversion":"PHP version ≥ %s","syscheck_extension":"Extension \u0027%s\u0027 loaded","syscheck_xhversion":"CMSimple_XH version ≥ %s","syscheck_plugin":"Plugin \u0027%s\u0027 installed","syscheck_captcha_plugin":"CAPTCHA installed","syscheck_captcha_key":"CAPTCHA key configured","syscheck_writable":"Folder \u0027%s\u0027 writable","contact_form":"","menu_main":"Mail Forms","mail_subject":"%1$s on %2$s","mail_subject_confirmation":"%1$s from %2$s","captcha_explanation":"Please additionally enter the shown digits:","date_format":"m/d/Y","message_confirm_delete":"The form and all it\u0027s information will be deleted!","message_confirm_export":"A possibly existing %s.json file will be overwritten!","message_confirm_template":"A possibly existing %1$s.tpl and %1$s.css file will be overwritten!","message_sent_info":"Thank you for filling out the form. The following information has been sent:","message_required_field":"required fields","message_required_fields":"Please fill in all %s!","message_script_code":"Script code to insert on a page","message_import_form":"Name of the mail form to import","label_name":"Name","label_title":"Title","label_to_name":"To (name)","label_to":"To (e-mail)","label_cc":"CC","label_bcc":"BCC","label_captcha":"CAPTCHA","label_store":"Store data","label_thanks_page":"Thanks page","label_field":"Name","label_label":"Label","label_type":"Type","label_required":"Req.","label_properties":"%s Properties","label_size":"Size","label_cols":"Columns","label_maxlen":"max. length","label_rows":"Rows","label_default":"Default","label_value":"Value","label_ftypes":"File types","label_constraint":"Constraint","label_error_msg":"Error message","label_horizontal":"Horizontal","label_vertical":"Vertical","label_none":"NONE","field_text":"Text","field_from_name":"Sender (name)","field_from":"Sender (e-mail)","field_mail":"E-Mail","field_date":"Date","field_number":"Number","field_textarea":"Textarea","field_radio":"Radiobutton","field_select":"Selectbox","field_checkbox":"Checkbox","field_multi_select":"Multi-Selectbox","field_password":"Password","field_file":"File","field_hidden":"Hidden","field_output":"Output","field_custom":"Custom","tool_add":"Add","tool_delete":"Delete","tool_down":"Down","tool_up":"Up","tool_props":"Properties","tool_copy":"Copy","tool_clear_defaults":"Clear defaults","tool_export":"Export","tool_import":"Import","tool_template":"Create template","button_ok":"Ok","button_cancel":"Cancel","button_send":"Send mail","button_reset":"Reset form","error_mail":"The e-mail could not be sent!","error_missing_sender":"Missing sender e-mail address! Confirmation mail could not be sent!","error_missing_field":"Required field \u0027%s\u0027 is empty!","error_invalid_email":"Field \u0027%s\u0027 doesn\u0027t contain a valid e-mail address!","error_invalid_number":"Field \u0027%s\u0027 doesn\u0027t contain a valid number!","error_invalid_date":"Field \u0027%s\u0027 doesn\u0027t contain a valid date!","error_invalid_custom":"The content of field \u0027%s\u0027 is not valid!","error_upload_too_large":"The file attachment of field \u0027%s\u0027 is too large!","error_upload_illegal_ftype":"The file type \u0027%2$s\u0027 of field \u0027%1$s\u0027 can\u0027t be attached!","error_upload_general":"The file of field \u0027%s\u0027 can\u0027t be attached!","error_captcha_code":"Wrong CAPTCHA code!","error_form_exists":"A form with this name already exists!","error_form_missing":"A form with the name \u0027%s\u0027 does not exist!","error_missing_fields":"Please fill in the required fields!","error_invalid_field":"Field name is invalid!","error_default_too_long":"The default value is longer than the max. length!","error_invalid_property":"Invalid property value!","error_duplicate_fields":"Duplicate field names are not allowed!","error_too_many_senders":"At most one sender allowed!","error_export":"\u0027%s\u0027 could not have been exported!","error_import":"\u0027%s\u0027 could not have been imported!","error_save":"The forms database could not have been saved!","error_template":"\u0027%s\u0027 could not be saved!","error_captcha":"Could not load CAPTCHA!","error_csv":"Could not store form data!","log_success":"Email from <%s> sent.","log_error":"Email from <%s> not sent!"}'>
<script src="./plugins/advancedform/admin.min.js"></script>
